// Jest Snapshot v1, https://goo.gl/fbAQLP

exports[`Smoke Tests for Main App.js Validate App Screen snapshot 1`] = `
<div>
  <div>
    <div
      className="LoginForm-root-274"
    >
      <div
        className="MuiGrid-container-287 MuiGrid-justify-xs-center-304"
      >
        <div
          className="MuiGrid-container-287 MuiGrid-spacing-xs-24-311 MuiGrid-align-items-xs-center-295 MuiGrid-justify-xs-center-304 LoginForm-grid-275"
        >
          <div
            className="MuiGrid-item-288 MuiGrid-grid-xs-12-327"
          >
            <div
              className="LoginForm-logo-278"
            >
              <img
                alt=""
                height={100}
                src={
                  Object {
                    "ReactComponent": Object {
                      "$$typeof": Symbol(react.forward_ref),
                      "render": [Function],
                    },
                    "__esModule": true,
                    "default": "logo.svg",
                  }
                }
                width={100}
              />
            </div>
            <div
              className="LoginForm-stepContainer-279"
            >
              <div
                className="LoginForm-smallContainer-276"
              >
                <main>
                  <div
                    className="MuiPaper-root-384 MuiPaper-elevation2-388 MuiPaper-rounded-385 LoginForm-paper-283"
                  >
                    <div
                      className="MuiAvatar-root-411 MuiAvatar-colorDefault-412"
                    >
                      <svg
                        aria-hidden="true"
                        className="MuiSvgIcon-root-414"
                        focusable="false"
                        role="presentation"
                        viewBox="0 0 24 24"
                      >
                        <g
                          fill="none"
                        >
                          <path
                            d="M0 0h24v24H0V0z"
                          />
                          <path
                            d="M0 0h24v24H0V0z"
                            opacity=".87"
                          />
                        </g>
                        <path
                          d="M18 8h-1V6c0-2.76-2.24-5-5-5S7 3.24 7 6v2H6c-1.1 0-2 .9-2 2v10c0 1.1.9 2 2 2h12c1.1 0 2-.9 2-2V10c0-1.1-.9-2-2-2zM9 6c0-1.66 1.34-3 3-3s3 1.34 3 3v2H9V6zm9 14H6V10h12v10zm-6-3c1.1 0 2-.9 2-2s-.9-2-2-2-2 .9-2 2 .9 2 2 2z"
                        />
                      </svg>
                    </div>
                    <h1
                      className="MuiTypography-root-423 MuiTypography-h5-439"
                    >
                      Controller Login
                    </h1>
                    <form
                      autoComplete="off"
                      onSubmit={[Function]}
                    >
                      <div
                        className="MuiFormControl-root-459 MuiFormControl-marginNormal-460 MuiFormControl-fullWidth-462"
                      >
                        <label
                          className="MuiFormLabel-root-474 MuiFormLabel-required-479 MuiInputLabel-required-467 MuiInputLabel-root-463 MuiInputLabel-formControl-468 MuiInputLabel-animated-471"
                          data-shrink={false}
                          htmlFor="username"
                        >
                          Username
                          <span
                            className="MuiFormLabel-asterisk-480"
                          >
                             *
                          </span>
                        </label>
                        <div
                          className="MuiInputBase-root-494 MuiInput-root-481 MuiInput-underline-485 MuiInputBase-formControl-495 MuiInput-formControl-482"
                          onClick={[Function]}
                        >
                          <input
                            aria-invalid={false}
                            autoComplete="off"
                            autoFocus={true}
                            className="MuiInputBase-input-504 MuiInput-input-489"
                            disabled={false}
                            id="username"
                            name="username"
                            onBlur={[Function]}
                            onChange={[Function]}
                            onFocus={[Function]}
                            required={true}
                            type="text"
                          />
                        </div>
                      </div>
                      <div
                        className="MuiFormControl-root-459 MuiFormControl-marginNormal-460 MuiFormControl-fullWidth-462 LoginForm-passwordBox-286"
                      >
                        <label
                          className="MuiFormLabel-root-474 MuiFormLabel-required-479 MuiInputLabel-required-467 MuiInputLabel-root-463 MuiInputLabel-formControl-468 MuiInputLabel-animated-471"
                          data-shrink={false}
                          htmlFor="password"
                        >
                          Password
                          <span
                            className="MuiFormLabel-asterisk-480"
                          >
                             *
                          </span>
                        </label>
                        <div
                          className="MuiInputBase-root-494 MuiInput-root-481 MuiInput-underline-485 MuiInputBase-formControl-495 MuiInput-formControl-482"
                          onClick={[Function]}
                        >
                          <input
                            aria-describedby="component-error-text"
                            aria-invalid={false}
                            autoComplete="off"
                            className="MuiInputBase-input-504 MuiInput-input-489 MuiInputBase-inputType-507 MuiInput-inputType-492"
                            disabled={false}
                            id="password"
                            name="password"
                            onBlur={[Function]}
                            onChange={[Function]}
                            onFocus={[Function]}
                            required={true}
                            type="password"
                          />
                        </div>
                      </div>
                      <button
                        className="MuiButtonBase-root-537 MuiButton-root-511 MuiButton-contained-522 MuiButton-containedPrimary-523 MuiButton-raised-525 MuiButton-raisedPrimary-526 MuiButton-fullWidth-536 LoginForm-buttonBar-281"
                        disabled={false}
                        onBlur={[Function]}
                        onContextMenu={[Function]}
                        onFocus={[Function]}
                        onKeyDown={[Function]}
                        onKeyUp={[Function]}
                        onMouseDown={[Function]}
                        onMouseLeave={[Function]}
                        onMouseUp={[Function]}
                        onTouchEnd={[Function]}
                        onTouchMove={[Function]}
                        onTouchStart={[Function]}
                        tabIndex="0"
                        type="submit"
                      >
                        <span
                          className="MuiButton-label-512"
                        >
                          Sign in
                        </span>
                        <span
                          className="MuiTouchRipple-root-540"
                        />
                      </button>
                    </form>
                  </div>
                </main>
              </div>
            </div>
          </div>
        </div>
      </div>
    </div>
  </div>
</div>
`;
